[5173-qnxsfsseujhppkzdtonaaerkahxukwjz.preview.same-app.com/index.html]
[5173-qnxsfsseujhppkzdtonaaerkahxukwjz.preview.same-app.com/@vite/client]
[backblue.gif]
[fade.gif]
[index.html]
[5173-qnxsfsseujhppkzdtonaaerkahxukwjz.preview.same-app.com/src/style.css]
[5173-qnxsfsseujhppkzdtonaaerkahxukwjz.preview.same-app.com/index-2.html]
[5173-qnxsfsseujhppkzdtonaaerkahxukwjz.preview.same-app.com/unix-linux.html]
[5173-qnxsfsseujhppkzdtonaaerkahxukwjz.preview.same-app.com/conda.html]
[5173-qnxsfsseujhppkzdtonaaerkahxukwjz.preview.same-app.com/containers.html]
[5173-qnxsfsseujhppkzdtonaaerkahxukwjz.preview.same-app.com/nextflow.html]
[5173-qnxsfsseujhppkzdtonaaerkahxukwjz.preview.same-app.com/galaxy-intro.html]
[5173-qnxsfsseujhppkzdtonaaerkahxukwjz.preview.same-app.com/galaxy-collections.html]
[5173-qnxsfsseujhppkzdtonaaerkahxukwjz.preview.same-app.com/workflows.html]
[5173-qnxsfsseujhppkzdtonaaerkahxukwjz.preview.same-app.com/cholera-case-study.html]
[upload.wikimedia.org/wikipedia/commons/9/9d/Cholera_bacteria_SEM.jpg]
[5173-qnxsfsseujhppkzdtonaaerkahxukwjz.preview.same-app.com/src/main.ts]
[5173-qnxsfsseujhppkzdtonaaerkahxukwjz.preview.same-app.com/index.html]
[5173-qnxsfsseujhppkzdtonaaerkahxukwjz.preview.same-app.com/src/style.css]
[same.new/inject.html]
[5173-qnxsfsseujhppkzdtonaaerkahxukwjz.preview.same-app.com/index-2.html]
[5173-qnxsfsseujhppkzdtonaaerkahxukwjz.preview.same-app.com/unix-linux.html]
[5173-qnxsfsseujhppkzdtonaaerkahxukwjz.preview.same-app.com/conda.html]
[5173-qnxsfsseujhppkzdtonaaerkahxukwjz.preview.same-app.com/containers.html]
[5173-qnxsfsseujhppkzdtonaaerkahxukwjz.preview.same-app.com/nextflow.html]
[training.galaxyproject.org/training-material/news/images/galaxy-data-upload.png]
[5173-qnxsfsseujhppkzdtonaaerkahxukwjz.preview.same-app.com/galaxy-intro.html]
[5173-qnxsfsseujhppkzdtonaaerkahxukwjz.preview.same-app.com/galaxy-collections.html]
[galaxyproject.org/assets/static/workflow_repository_options_popup.372248f.6c1728036b5ca6bc9830bf1ad7c97fee.png]
[5173-qnxsfsseujhppkzdtonaaerkahxukwjz.preview.same-app.com/workflows.html]
[5173-qnxsfsseujhppkzdtonaaerkahxukwjz.preview.same-app.com/cholera-case-study.html]
[5173-qnxsfsseujhppkzdtonaaerkahxukwjz.preview.same-app.com/r-programming.html]
